whhere report_num = (select report_num as r,
       *
ERROR at line 2:
ORA-00933: SQL command not properly ended


SQL> delete from parti3110
  2  where report_num = (select report_num as r,
  3  from accident3110,
  4  where extract(year from accident3110) = 2010 );
from accident3110,
*
ERROR at line 3:
ORA-00936: missing expression


SQL> delete from parti3110 where report_num = ( select report_num from accident3
110 where extract (year from accident3110 = 2010));
delete from parti3110 where report_num = ( select report_num from accident3110 w
here extract (year from accident3110 = 2010))

                                     *
ERROR at line 1:
ORA-00907: missing right parenthesis


SQL> delete from parti3110 where report_num = ( select report_num from accident3
110 where extract (year from accident3110) = 2010);
delete from parti3110 where report_num = ( select report_num from accident3110 w
here extract (year from accident3110) = 2010)

                        *
ERROR at line 1:
ORA-00904: "ACCIDENT3110": invalid identifier


SQL> delete from parti3110 where report_num = ( select report_num from accident3
110 where extract (year from accident3110) = 10);
delete from parti3110 where report_num = ( select report_num from accident3110 w
here extract (year from accident3110) = 10)

                        *
ERROR at line 1:
ORA-00904: "ACCIDENT3110": invalid identifier


SQL> delete from parti3110 where report_num = ( select report_num from accident3
110 where extract (year from "13-july-2015");
delete from parti3110 where report_num = ( select report_num from accident3110 w
here extract (year from "13-july-2015")
                                           *
ERROR at line 1:
ORA-00921: unexpected end of SQL command


SQL> delete from parti3110 where report_num = ( select report_num from accident3
110 where extract (year from "13-july-2015"));
delete from parti3110 where report_num = ( select report_num from accident3110 w
here extract (year from "13-july-2015"))

                                       *
ERROR at line 1:
ORA-00920: invalid relational operator


SQL> delete from parti3110 where report_num = ( select report_num from accident3
110 where extract (year from "13-jul-2015"));
delete from parti3110 where report_num = ( select report_num from accident3110 w
here extract (year from "13-jul-2015"))

                                      *
ERROR at line 1:
ORA-00920: invalid relational operator


SQL> delete from parti3110 where report_num = ( select report_num from accident3
110 where extract (YEAR from "13-Jul-10"));
delete from parti3110 where report_num = ( select report_num from accident3110 w
here extract (YEAR from "13-Jul-10"))

                                    *
ERROR at line 1:
ORA-00920: invalid relational operator


SQL> delete from parti3110 where report_num = ( select report_num from accident3
110 where extract (year from "13-Jul-10"));
delete from parti3110 where report_num = ( select report_num from accident3110 w
here extract (year from "13-Jul-10"))

                                    *
ERROR at line 1:
ORA-00920: invalid relational operator


SQL> select report_num from accident3110 where extract (year from "13-Jul-10");
select report_num from accident3110 where extract (year from "13-Jul-10")
                                                                        *
ERROR at line 1:
ORA-00920: invalid relational operator


SQL> select report_num from accident3110 where extract (year from accident3110);

select report_num from accident3110 where extract (year from accident3110)
                                                                         *
ERROR at line 1:
ORA-00920: invalid relational operator


SQL> select report_num from accident3110 where extract (year from accident3110);

select report_num from accident3110 where extract (year from accident3110)
                                                                         *
ERROR at line 1:
ORA-00920: invalid relational operator


SQL> select report_num from accident3110 where extract (year from "13-Jul-10");
select report_num from accident3110 where extract (year from "13-Jul-10")
                                                                        *
ERROR at line 1:
ORA-00920: invalid relational operator


SQL> select * from accident3110
  2  ;

REPORT_NUM ACCD_DATE LOCATION
---------- --------- --------------------
       111 13-JUL-15 Manipal
       112 05-JUN-15 Manila
       113 19-MAY-10 Dubai
       114 10-FEB-07 Delhi
       115 23-JAN-11 Agra

SQL> select report_num from accident3110 where extract (year from accd_date '13-
Jul-10');
select report_num from accident3110 where extract (year from accd_date '13-Jul-1
0')
                                                                       *
ERROR at line 1:
ORA-00907: missing right parenthesis


SQL> select report_num from accident3110 where extract (year from accd_date'13-J
ul-10');
select report_num from accident3110 where extract (year from accd_date'13-Jul-10
')
                                                                      *
ERROR at line 1:
ORA-00907: missing right parenthesis


SQL> select report_num from accident3110 where extract (year from accd_date"13-J
ul-10");
select report_num from accident3110 where extract (year from accd_date"13-Jul-10
")
                                                                      *
ERROR at line 1:
ORA-00907: missing right parenthesis


SQL> select report_num from accident3110 where ye = extract (year from accd_date
"13-Jul-10");
select report_num from accident3110 where ye = extract (year from accd_date"13-J
ul-10")
                                                                           *
ERROR at line 1:
ORA-00907: missing right parenthesis


SQL> select report_num from accident3110 where ye = extract (year from accd_date
"13-Jul-10");
select report_num from accident3110 where ye = extract (year from accd_date"13-J
ul-10")
                                                                           *
ERROR at line 1:
ORA-00907: missing right parenthesis


SQL> select extract (year from accd_date);
select extract (year from accd_date)
                                   *
ERROR at line 1:
ORA-00923: FROM keyword not found where expected


SQL> select extract (year from accd_date)
  2  from accident3110;

EXTRACT(YEARFROMACCD_DATE)
--------------------------
                      2015
                      2015
                      2010
                      2007
                      2011

SQL> select report_num form parti3110 where (select extract(year from accd_date)
from accident3110) = 2010;
select report_num form parti3110 where (select extract(year from accd_date)from
accident3110) = 2010
                       *
ERROR at line 1:
ORA-00923: FROM keyword not found where expected


SQL> select report_num form accident3110 where extract(year from accd_date) = 20
10;
select report_num form accident3110 where extract(year from accd_date) = 2010
                       *
ERROR at line 1:
ORA-00923: FROM keyword not found where expected


SQL> select report_num from accident3110 where extract(year from accd_date) = 20
10;

REPORT_NUM
----------
       113

SQL> delete from parti3110 where report_num = (select report_num from accident31
10 where extract(year from accd_date) = 2010);

1 row deleted.

SQL> select * from parti3110;

DRIVER_ID  REGNO      REPORT_NUM    DAM_AMT
---------- ---------- ---------- ----------
1          11                111          0
2          12                112          0
4          14                114          0
5          15                115          0

SQL> delete from accident3110 where report_num = (select report_num from acciden
t3110 where extract(year from accd_date) = 2010);

1 row deleted.

SQL> select * from accident3110;

REPORT_NUM ACCD_DATE LOCATION
---------- --------- --------------------
       111 13-JUL-15 Manipal
       112 05-JUN-15 Manila
       114 10-FEB-07 Delhi
       115 23-JAN-11 Agra

SQL> commit
  2  ;

Commit complete.

SQL> alter table car
  2  add column brand;
add column brand
    *
ERROR at line 2:
ORA-00904: : invalid identifier


SQL> alter table car
  2  add brand varchar(10);

Table altered.

SQL> select * from car;

REGNO      MODEL            YEAR BRAND
---------- ---------- ---------- ----------
11         new              2017
12         old              2006
13         Honda City       1998
14         Civic            1995
15         Ertiga           2014

SQL> alter table car
  2  drop column brand;

Table altered.

SQL> select * from car;

REGNO      MODEL            YEAR
---------- ---------- ----------
11         new              2017
12         old              2006
13         Honda City       1998
14         Civic            1995
15         Ertiga           2014

SQL> commit
  2  ;

Commit complete.

SQL>